This is pdfTeX, Version 3.141592653-2.6-1.40.28 (MiKTeX 25.12) (preloaded format=pdflatex.fmt)
 restricted \write18 enabled.
entering extended mode
(main.tex
LaTeX2e <2025-11-01>
L3 programming layer <2025-12-24>
(C:\Users\I-Bros\AppData\Local\Programs\MiKTeX\tex/latex/ieeetran\IEEEtran.cls
Document Class: IEEEtran 2015/08/26 V1.8b by Michael Shell
-- See the "IEEEtran_HOWTO" manual for usage information.
-- http://www.michaelshell.org/tex/ieeetran/
(C:\Users\I-Bros\AppData\Local\Programs\MiKTeX\tex/latex/psnfss\ot1ptm.fd)
-- Using 8.5in x 11in (letter) paper.
-- Using PDF output.
-- This is a 10 point document.
)
** ATTENTION: Overriding command lockouts (line 13).
(C:\Users\I-Bros\AppData\Local\Programs\MiKTeX\tex/latex/cite\cite.sty)
(C:\Users\I-Bros\AppData\Local\Programs\MiKTeX\tex/latex/amsmath\amsmath.sty
For additional information on amsmath, use the `?' option.
(C:\Users\I-Bros\AppData\Local\Programs\MiKTeX\tex/latex/amsmath\amstext.sty
(C:\Users\I-Bros\AppData\Local\Programs\MiKTeX\tex/latex/amsmath\amsgen.sty))
(C:\Users\I-Bros\AppData\Local\Programs\MiKTeX\tex/latex/amsmath\amsbsy.sty)
(C:\Users\I-Bros\AppData\Local\Programs\MiKTeX\tex/latex/amsmath\amsopn.sty))
(C:\Users\I-Bros\AppData\Local\Programs\MiKTeX\tex/latex/amsfonts\amssymb.sty
(C:\Users\I-Bros\AppData\Local\Programs\MiKTeX\tex/latex/amsfonts\amsfonts.sty)
)
(C:\Users\I-Bros\AppData\Local\Programs\MiKTeX\tex/latex/algorithms\algorithm.s
ty (C:\Users\I-Bros\AppData\Local\Programs\MiKTeX\tex/latex/float\float.sty)
(C:\Users\I-Bros\AppData\Local\Programs\MiKTeX\tex/latex/base\ifthen.sty))
(C:\Users\I-Bros\AppData\Local\Programs\MiKTeX\tex/latex/algorithms\algorithmic
.sty
(C:\Users\I-Bros\AppData\Local\Programs\MiKTeX\tex/latex/graphics\keyval.sty))
(C:\Users\I-Bros\AppData\Local\Programs\MiKTeX\tex/latex/graphics\graphicx.sty
(C:\Users\I-Bros\AppData\Local\Programs\MiKTeX\tex/latex/graphics\graphics.sty
(C:\Users\I-Bros\AppData\Local\Programs\MiKTeX\tex/latex/graphics\trig.sty)
(C:\Users\I-Bros\AppData\Local\Programs\MiKTeX\tex/latex/graphics-cfg\graphics.
cfg)
(C:\Users\I-Bros\AppData\Local\Programs\MiKTeX\tex/latex/graphics-def\pdftex.de
f))) (C:\Users\I-Bros\AppData\Local\Programs\MiKTeX\tex/latex/base\textcomp.sty
) (C:\Users\I-Bros\AppData\Local\Programs\MiKTeX\tex/latex/xcolor\xcolor.sty
(C:\Users\I-Bros\AppData\Local\Programs\MiKTeX\tex/latex/graphics-cfg\color.cfg
)
(C:\Users\I-Bros\AppData\Local\Programs\MiKTeX\tex/latex/graphics\mathcolor.ltx
))
(C:\Users\I-Bros\AppData\Local\Programs\MiKTeX\tex/latex/booktabs\booktabs.sty)
 (C:\Users\I-Bros\AppData\Local\Programs\MiKTeX\tex/latex/multirow\multirow.sty
) (C:\Users\I-Bros\AppData\Local\Programs\MiKTeX\tex/latex/url\url.sty)
(C:\Users\I-Bros\AppData\Local\Programs\MiKTeX\tex/latex/hyperref\hyperref.sty
(C:\Users\I-Bros\AppData\Local\Programs\MiKTeX\tex/generic/iftex\iftex.sty)
(C:\Users\I-Bros\AppData\Local\Programs\MiKTeX\tex/latex/kvsetkeys\kvsetkeys.st
y)
(C:\Users\I-Bros\AppData\Local\Programs\MiKTeX\tex/generic/kvdefinekeys\kvdefin
ekeys.sty)
(C:\Users\I-Bros\AppData\Local\Programs\MiKTeX\tex/generic/pdfescape\pdfescape.
sty
(C:\Users\I-Bros\AppData\Local\Programs\MiKTeX\tex/generic/ltxcmds\ltxcmds.sty)

(C:\Users\I-Bros\AppData\Local\Programs\MiKTeX\tex/generic/pdftexcmds\pdftexcmd
s.sty
(C:\Users\I-Bros\AppData\Local\Programs\MiKTeX\tex/generic/infwarerr\infwarerr.
sty)))
(C:\Users\I-Bros\AppData\Local\Programs\MiKTeX\tex/latex/hycolor\hycolor.sty)
(C:\Users\I-Bros\AppData\Local\Programs\MiKTeX\tex/latex/hyperref\nameref.sty
(C:\Users\I-Bros\AppData\Local\Programs\MiKTeX\tex/latex/refcount\refcount.sty)

(C:\Users\I-Bros\AppData\Local\Programs\MiKTeX\tex/generic/gettitlestring\getti
tlestring.sty
(C:\Users\I-Bros\AppData\Local\Programs\MiKTeX\tex/latex/kvoptions\kvoptions.st
y)))
(C:\Users\I-Bros\AppData\Local\Programs\MiKTeX\tex/latex/etoolbox\etoolbox.sty)

(C:\Users\I-Bros\AppData\Local\Programs\MiKTeX\tex/generic/stringenc\stringenc.
sty)
(C:\Users\I-Bros\AppData\Local\Programs\MiKTeX\tex/latex/hyperref\pd1enc.def)
(C:\Users\I-Bros\AppData\Local\Programs\MiKTeX\tex/generic/intcalc\intcalc.sty)
(C:\Users\I-Bros\AppData\Local\Programs\MiKTeX\tex/latex/hyperref\puenc.def)
(C:\Users\I-Bros\AppData\Local\Programs\MiKTeX\tex/generic/bitset\bitset.sty
(C:\Users\I-Bros\AppData\Local\Programs\MiKTeX\tex/generic/bigintcalc\bigintcal
c.sty)))
(C:\Users\I-Bros\AppData\Local\Programs\MiKTeX\tex/latex/hyperref\hpdftex.def
(C:\Users\I-Bros\AppData\Local\Programs\MiKTeX\tex/latex/rerunfilecheck\rerunfi
lecheck.sty
(C:\Users\I-Bros\AppData\Local\Programs\MiKTeX\tex/generic/uniquecounter\unique
counter.sty)))
(C:\Users\I-Bros\AppData\Local\Programs\MiKTeX\tex/latex/l3backend\l3backend-pd
ftex.def) (main.aux)
-- Lines per column: 56 (exact).

(C:\Users\I-Bros\AppData\Local\Programs\MiKTeX\tex/context/base/mkii\supp-pdf.m
kii
[Loading MPS to PDF converter (version 2006.09.02).]
)
(C:\Users\I-Bros\AppData\Local\Programs\MiKTeX\tex/latex/epstopdf-pkg\epstopdf-
base.sty
(C:\Users\I-Bros\AppData\Local\Programs\MiKTeX\tex/latex/00miktex\epstopdf-sys.
cfg)) (main.out) (main.out)
(C:\Users\I-Bros\AppData\Local\Programs\MiKTeX\tex/latex/psnfss\omsptm.fd)
[1{C:/Users/I-Bros/AppData/Local/MiKTeX/fonts/map/pdftex/pdftex.map}{C:/Users/I
-Bros/AppData/Local/Programs/MiKTeX/fonts/enc/dvips/base/8r.enc}]
Underfull \hbox (badness 10000) in paragraph at lines 172--176
[]\OT1/ptm/m/n/10 A \OT1/ptm/b/n/10 dual-adversarial ob-jec-tive \OT1/ptm/m/n/1
0 that com-bines a


pdfTeX warning: pdflatex.exe (file ./fig1-methodology.drawio.pdf): PDF inclusio
n: found PDF version <1.7>, but at most version <1.5> allowed
(C:\Users\I-Bros\AppData\Local\Programs\MiKTeX\tex/latex/amsfonts\umsa.fd)
(C:\Users\I-Bros\AppData\Local\Programs\MiKTeX\tex/latex/amsfonts\umsb.fd)
Underfull \hbox (badness 5446) in paragraph at lines 264--270
[]\OT1/ptm/m/n/10 WaveFake con-tains 117,985 ut-ter-ances (13,100 real,
[2]
Underfull \vbox (badness 10000) has occurred while \output is active
Underfull \vbox (badness 10000) has occurred while \output is active [3 <./fig1
-methodology.drawio.pdf>]

pdfTeX warning: pdflatex.exe (file ./fig2-dasfnet.drawio.pdf): PDF inclusion: f
ound PDF version <1.7>, but at most version <1.5> allowed
[4] [5 <./fig2-dasfnet.drawio.pdf>]

pdfTeX warning: pdflatex.exe (file ./fig3-training.drawio.pdf): PDF inclusion: 
found PDF version <1.7>, but at most version <1.5> allowed

Underfull \hbox (badness 4072) in paragraph at lines 574--578
[] []\OT1/ptm/m/n/10 waveform $\OML/cmm/m/it/10 w$\OT1/ptm/m/n/10 ; adapters $\
OML/cmm/m/it/10 A[]; A[]$\OT1/ptm/m/n/10 ; shared trunk
[6]
Underfull \hbox (badness 10000) in paragraph at lines 687--692
[]\OT1/ptm/b/n/10 Gender-balanced Ben-gali eval-u-a-tion. \OT1/ptm/m/n/10 Be-ca
use
[7 <./fig3-training.drawio.pdf>]

** Conference Paper **
Before submitting the final camera ready copy, remember to:

 1. Manually equalize the lengths of two columns on the last page
 of your paper;

 2. Ensure that any PostScript and/or PDF output post-processing
 uses only Type 1 fonts and that every step in the generation
 process uses the appropriate paper size.

[8] (main.aux)

LaTeX Warning: Label(s) may have changed. Rerun to get cross-references right.


Package rerunfilecheck Warning: File `main.out' has changed.
(rerunfilecheck)                Rerun to get outlines right
(rerunfilecheck)                or use package `bookmark'.

 )
(see the transcript file for additional information)
pdfTeX warning (dest): name{section*.1} has been referenced but does not exist,
 replaced by a fixed one

<C:/Users/I-Bros/AppData/Local/Programs/MiKTeX/fonts/type1/public/amsfonts/cm/c
mex10.pfb><C:/Users/I-Bros/AppData/Local/Programs/MiKTeX/fonts/type1/public/ams
fonts/cm/cmmi10.pfb><C:/Users/I-Bros/AppData/Local/Programs/MiKTeX/fonts/type1/
public/amsfonts/cm/cmmi5.pfb><C:/Users/I-Bros/AppData/Local/Programs/MiKTeX/fon
ts/type1/public/amsfonts/cm/cmmi7.pfb><C:/Users/I-Bros/AppData/Local/Programs/M
iKTeX/fonts/type1/public/amsfonts/cm/cmmi8.pfb><C:/Users/I-Bros/AppData/Local/P
rograms/MiKTeX/fonts/type1/public/amsfonts/cm/cmr10.pfb><C:/Users/I-Bros/AppDat
a/Local/Programs/MiKTeX/fonts/type1/public/amsfonts/cm/cmr7.pfb><C:/Users/I-Bro
s/AppData/Local/Programs/MiKTeX/fonts/type1/public/amsfonts/cm/cmsy10.pfb><C:/U
sers/I-Bros/AppData/Local/Programs/MiKTeX/fonts/type1/public/amsfonts/cm/cmsy7.
pfb><C:/Users/I-Bros/AppData/Local/Programs/MiKTeX/fonts/type1/public/amsfonts/
symbols/msbm10.pfb><C:/Users/I-Bros/AppData/Local/Programs/MiKTeX/fonts/type1/u
rw/times/utmb8a.pfb><C:/Users/I-Bros/AppData/Local/Programs/MiKTeX/fonts/type1/
urw/times/utmbi8a.pfb><C:/Users/I-Bros/AppData/Local/Programs/MiKTeX/fonts/type
1/urw/times/utmr8a.pfb><C:/Users/I-Bros/AppData/Local/Programs/MiKTeX/fonts/typ
e1/urw/times/utmri8a.pfb>
Output written on main.pdf (8 pages, 812630 bytes).
Transcript written on main.log.
pdflatex: major issue: So far, you have not checked for MiKTeX updates.
