This is pdfTeX, Version 3.141592653-2.6-1.40.28 (MiKTeX 25.12) (preloaded format=pdflatex.fmt)
 restricted \write18 enabled.
entering extended mode
(report.tex
LaTeX2e <2025-11-01>
L3 programming layer <2025-12-24>
(C:\Users\I-Bros\AppData\Local\Programs\MiKTeX\tex/latex/ieeetran\IEEEtran.cls
Document Class: IEEEtran 2015/08/26 V1.8b by Michael Shell
-- See the "IEEEtran_HOWTO" manual for usage information.
-- http://www.michaelshell.org/tex/ieeetran/
(C:\Users\I-Bros\AppData\Local\Programs\MiKTeX\tex/latex/psnfss\ot1ptm.fd)
-- Using 8.5in x 11in (letter) paper.
-- Using PDF output.
-- This is a 10 point document.
)
** ATTENTION: Overriding command lockouts (line 16).
(C:\Users\I-Bros\AppData\Local\Programs\MiKTeX\tex/latex/cite\cite.sty)
(C:\Users\I-Bros\AppData\Local\Programs\MiKTeX\tex/latex/amsmath\amsmath.sty
For additional information on amsmath, use the `?' option.
(C:\Users\I-Bros\AppData\Local\Programs\MiKTeX\tex/latex/amsmath\amstext.sty
(C:\Users\I-Bros\AppData\Local\Programs\MiKTeX\tex/latex/amsmath\amsgen.sty))
(C:\Users\I-Bros\AppData\Local\Programs\MiKTeX\tex/latex/amsmath\amsbsy.sty)
(C:\Users\I-Bros\AppData\Local\Programs\MiKTeX\tex/latex/amsmath\amsopn.sty))
(C:\Users\I-Bros\AppData\Local\Programs\MiKTeX\tex/latex/amsfonts\amssymb.sty
(C:\Users\I-Bros\AppData\Local\Programs\MiKTeX\tex/latex/amsfonts\amsfonts.sty)
)
(C:\Users\I-Bros\AppData\Local\Programs\MiKTeX\tex/latex/graphics\graphicx.sty
(C:\Users\I-Bros\AppData\Local\Programs\MiKTeX\tex/latex/graphics\keyval.sty)
(C:\Users\I-Bros\AppData\Local\Programs\MiKTeX\tex/latex/graphics\graphics.sty
(C:\Users\I-Bros\AppData\Local\Programs\MiKTeX\tex/latex/graphics\trig.sty)
(C:\Users\I-Bros\AppData\Local\Programs\MiKTeX\tex/latex/graphics-cfg\graphics.
cfg)
(C:\Users\I-Bros\AppData\Local\Programs\MiKTeX\tex/latex/graphics-def\pdftex.de
f))) (C:\Users\I-Bros\AppData\Local\Programs\MiKTeX\tex/latex/base\textcomp.sty
) (C:\Users\I-Bros\AppData\Local\Programs\MiKTeX\tex/latex/xcolor\xcolor.sty
(C:\Users\I-Bros\AppData\Local\Programs\MiKTeX\tex/latex/graphics-cfg\color.cfg
)
(C:\Users\I-Bros\AppData\Local\Programs\MiKTeX\tex/latex/graphics\mathcolor.ltx
))
(C:\Users\I-Bros\AppData\Local\Programs\MiKTeX\tex/latex/booktabs\booktabs.sty)
 (C:\Users\I-Bros\AppData\Local\Programs\MiKTeX\tex/latex/multirow\multirow.sty
) (C:\Users\I-Bros\AppData\Local\Programs\MiKTeX\tex/latex/tools\array.sty)
(C:\Users\I-Bros\AppData\Local\Programs\MiKTeX\tex/latex/tools\tabularx.sty)
(C:\Users\I-Bros\AppData\Local\Programs\MiKTeX\tex/latex/url\url.sty)
(C:\Users\I-Bros\AppData\Local\Programs\MiKTeX\tex/latex/hyperref\hyperref.sty
(C:\Users\I-Bros\AppData\Local\Programs\MiKTeX\tex/generic/iftex\iftex.sty)
(C:\Users\I-Bros\AppData\Local\Programs\MiKTeX\tex/latex/kvsetkeys\kvsetkeys.st
y)
(C:\Users\I-Bros\AppData\Local\Programs\MiKTeX\tex/generic/kvdefinekeys\kvdefin
ekeys.sty)
(C:\Users\I-Bros\AppData\Local\Programs\MiKTeX\tex/generic/pdfescape\pdfescape.
sty
(C:\Users\I-Bros\AppData\Local\Programs\MiKTeX\tex/generic/ltxcmds\ltxcmds.sty)

(C:\Users\I-Bros\AppData\Local\Programs\MiKTeX\tex/generic/pdftexcmds\pdftexcmd
s.sty
(C:\Users\I-Bros\AppData\Local\Programs\MiKTeX\tex/generic/infwarerr\infwarerr.
sty)))
(C:\Users\I-Bros\AppData\Local\Programs\MiKTeX\tex/latex/hycolor\hycolor.sty)
(C:\Users\I-Bros\AppData\Local\Programs\MiKTeX\tex/latex/hyperref\nameref.sty
(C:\Users\I-Bros\AppData\Local\Programs\MiKTeX\tex/latex/refcount\refcount.sty)

(C:\Users\I-Bros\AppData\Local\Programs\MiKTeX\tex/generic/gettitlestring\getti
tlestring.sty
(C:\Users\I-Bros\AppData\Local\Programs\MiKTeX\tex/latex/kvoptions\kvoptions.st
y)))
(C:\Users\I-Bros\AppData\Local\Programs\MiKTeX\tex/latex/etoolbox\etoolbox.sty)

(C:\Users\I-Bros\AppData\Local\Programs\MiKTeX\tex/generic/stringenc\stringenc.
sty)
(C:\Users\I-Bros\AppData\Local\Programs\MiKTeX\tex/latex/hyperref\pd1enc.def)
(C:\Users\I-Bros\AppData\Local\Programs\MiKTeX\tex/generic/intcalc\intcalc.sty)
(C:\Users\I-Bros\AppData\Local\Programs\MiKTeX\tex/latex/hyperref\puenc.def)
(C:\Users\I-Bros\AppData\Local\Programs\MiKTeX\tex/generic/bitset\bitset.sty
(C:\Users\I-Bros\AppData\Local\Programs\MiKTeX\tex/generic/bigintcalc\bigintcal
c.sty)))
(C:\Users\I-Bros\AppData\Local\Programs\MiKTeX\tex/latex/hyperref\hpdftex.def
(C:\Users\I-Bros\AppData\Local\Programs\MiKTeX\tex/latex/rerunfilecheck\rerunfi
lecheck.sty
(C:\Users\I-Bros\AppData\Local\Programs\MiKTeX\tex/generic/uniquecounter\unique
counter.sty)))
(C:\Users\I-Bros\AppData\Local\Programs\MiKTeX\tex/latex/l3backend\l3backend-pd
ftex.def)
No file report.aux.
-- Lines per column: 56 (exact).

(C:\Users\I-Bros\AppData\Local\Programs\MiKTeX\tex/context/base/mkii\supp-pdf.m
kii
[Loading MPS to PDF converter (version 2006.09.02).]
)
(C:\Users\I-Bros\AppData\Local\Programs\MiKTeX\tex/latex/epstopdf-pkg\epstopdf-
base.sty
(C:\Users\I-Bros\AppData\Local\Programs\MiKTeX\tex/latex/00miktex\epstopdf-sys.
cfg)) (C:\Users\I-Bros\AppData\Local\Programs\MiKTeX\tex/latex/amsfonts\umsa.fd
) (C:\Users\I-Bros\AppData\Local\Programs\MiKTeX\tex/latex/amsfonts\umsb.fd)
[0{C:/Users/I-Bros/AppData/Local/MiKTeX/fonts/map/pdftex/pdftex.map}{C:/Users/I
-Bros/AppData/Local/Programs/MiKTeX/fonts/enc/dvips/base/8r.enc}]

LaTeX Warning: Citation `fahad2025banglafake' on page 1 undefined on input line
 123.


LaTeX Warning: Citation `ahmed2026melspec' on page 1 undefined on input line 12
3.


LaTeX Warning: Citation `samu2025zeroshot' on page 1 undefined on input line 12
3.


LaTeX Warning: Citation `frank2021wavefake' on page 1 undefined on input line 1
23.


LaTeX Warning: Citation `kawa2023lcnn' on page 1 undefined on input line 123.

[1] (C:\Users\I-Bros\AppData\Local\Programs\MiKTeX\tex/latex/psnfss\omsptm.fd)
Underfull \hbox (badness 1371) in paragraph at lines 165--170
\OT1/ptm/b/n/9 cross-lingual gen-er-al-i-sa-tion, ad-ver-sar-ial ro-bust-ness, 
domain-

LaTeX Warning: Citation `kong2020hifigan' on page 2 undefined on input line 177
.


LaTeX Warning: Citation `kumar2019melgan' on page 2 undefined on input line 177
.


LaTeX Warning: Citation `prenger2019waveglow' on page 2 undefined on input line
 177.


LaTeX Warning: Citation `yamamoto2020pwg' on page 2 undefined on input line 177
.


LaTeX Warning: Citation `kim2021vits' on page 2 undefined on input line 177.


LaTeX Warning: Citation `todisco2019asvspoof' on page 2 undefined on input line
 180.


LaTeX Warning: Citation `frank2021wavefake' on page 2 undefined on input line 1
80.


LaTeX Warning: Citation `fahad2025banglafake' on page 2 undefined on input line
 185.


LaTeX Warning: Citation `samu2025zeroshot' on page 2 undefined on input line 18
7.


LaTeX Warning: Citation `kawa2023lcnn' on page 2 undefined on input line 199.


LaTeX Warning: Citation `ahmed2026melspec' on page 2 undefined on input line 20
0.


LaTeX Warning: Citation `ganin2016dann' on page 2 undefined on input line 208.


LaTeX Warning: Citation `goodfellow2015fgsm' on page 2 undefined on input line 
209.


LaTeX Warning: Citation `madry2018pgd' on page 2 undefined on input line 209.

[2]

LaTeX Warning: Citation `ahmed2026melspec' on page 3 undefined on input line 22
4.


LaTeX Warning: Citation `samu2025zeroshot' on page 3 undefined on input line 22
6.


Underfull \hbox (badness 10000) in paragraph at lines 241--245
\OT1/ptm/m/n/10 reversed lan-guage dis-crim-i-na-tor with adap-tive

LaTeX Warning: Citation `fahad2025banglafake' on page 3 undefined on input line
 266.


LaTeX Warning: Citation `todisco2019asvspoof' on page 3 undefined on input line
 280.


LaTeX Warning: Citation `frank2021wavefake' on page 3 undefined on input line 2
82.


LaTeX Warning: Citation `ito2017ljspeech' on page 3 undefined on input line 283
.


LaTeX Warning: Citation `ahmed2026melspec' on page 3 undefined on input line 28
8.


LaTeX Warning: Citation `chollet2017xception' on page 3 undefined on input line
 290.


LaTeX Warning: Citation `ganin2016dann' on page 3 undefined on input line 296.


LaTeX Warning: Citation `goodfellow2015fgsm' on page 3 undefined on input line 
299.


LaTeX Warning: Citation `madry2018pgd' on page 3 undefined on input line 299.


LaTeX Warning: Citation `todisco2019asvspoof' on page 3 undefined on input line
 321.


LaTeX Warning: Citation `frank2021wavefake' on page 3 undefined on input line 3
23.


LaTeX Warning: Citation `fahad2025banglafake' on page 3 undefined on input line
 325.


LaTeX Warning: Citation `ahmad2021sust' on page 3 undefined on input line 326.


LaTeX Warning: Citation `ardila2020commonvoice' on page 3 undefined on input li
ne 327.


LaTeX Warning: Citation `kim2021vits' on page 3 undefined on input line 328.


LaTeX Warning: Citation `frank2021wavefake' on page 3 undefined on input line 3
32.


LaTeX Warning: Citation `ahmed2026melspec' on page 3 undefined on input line 33
2.


LaTeX Warning: Citation `ganin2016dann' on page 3 undefined on input line 335.

[3]

LaTeX Warning: Citation `goodfellow2015fgsm' on page 4 undefined on input line 
338.


LaTeX Warning: Citation `madry2018pgd' on page 4 undefined on input line 339.


LaTeX Warning: Citation `vaswani2017attention' on page 4 undefined on input lin
e 340.


LaTeX Warning: Citation `fahad2025banglafake' on page 4 undefined on input line
 345.


LaTeX Warning: Citation `ahmed2026melspec' on page 4 undefined on input line 34
9.


LaTeX Warning: Citation `samu2025zeroshot' on page 4 undefined on input line 35
5.


LaTeX Warning: Citation `kawa2023lcnn' on page 4 undefined on input line 368.


LaTeX Warning: Citation `ahmed2026melspec' on page 4 undefined on input line 37
1.


LaTeX Warning: Citation `ahmed2026melspec' on page 4 undefined on input line 38
9.


LaTeX Warning: Citation `samu2025zeroshot' on page 4 undefined on input line 39
3.


Underfull \hbox (badness 10000) in paragraph at lines 395--399
[]\OT1/ptm/b/n/10 Preserving the dis-crim-i-na-tive band. \OT1/ptm/m/n/10 Re-ta
in-ing


pdfTeX warning: pdflatex.exe (file ./fig1-methodology.drawio.pdf): PDF inclusio
n: found PDF version <1.7>, but at most version <1.5> allowed

LaTeX Warning: Reference `fig:pipeline' on page 4 undefined on input line 433.


LaTeX Warning: Citation `frank2021wavefake' on page 4 undefined on input line 4
37.


LaTeX Warning: Citation `ito2017ljspeech' on page 4 undefined on input line 439
.


LaTeX Warning: Citation `fahad2025banglafake' on page 4 undefined on input line
 443.


LaTeX Warning: Reference `tab:datasets' on page 4 undefined on input line 453.

[4]
Underfull \vbox (badness 10000) has occurred while \output is active
Underfull \hbox (badness 6032) in paragraph at lines 502--507
[]\OT1/ptm/b/n/10 Branch-D (dense spec-tral). \OT1/ptm/m/n/10 Mel-scaled fil-te
r-bank

Underfull \vbox (badness 3128) has occurred while \output is active [5 <./fig1-
methodology.drawio.pdf>]

pdfTeX warning: pdflatex.exe (file ./fig2-dasfnet.drawio.pdf): PDF inclusion: f
ound PDF version <1.7>, but at most version <1.5> allowed

LaTeX Warning: Citation `chollet2017xception' on page 6 undefined on input line
 530.


LaTeX Warning: Citation `ahmed2026melspec' on page 6 undefined on input line 54
2.


LaTeX Warning: Citation `vaswani2017attention' on page 6 undefined on input lin
e 547.


LaTeX Warning: Citation `ganin2016dann' on page 6 undefined on input line 577.


LaTeX Warning: Reference `sec:testing' on page 6 undefined on input line 598.



pdfTeX warning: pdflatex.exe (file ./fig3-training.drawio.pdf): PDF inclusion: 
found PDF version <1.7>, but at most version <1.5> allowed

LaTeX Warning: Reference `eq:total' on page 6 undefined on input line 611.


LaTeX Warning: Reference `fig:training' on page 6 undefined on input line 615.


LaTeX Warning: Citation `ganin2016dann' on page 6 undefined on input line 627.

[6]

LaTeX Warning: Citation `goodfellow2015fgsm' on page 7 undefined on input line 
648.


LaTeX Warning: Citation `madry2018pgd' on page 7 undefined on input line 650.


LaTeX Warning: Reference `tab:tools' on page 7 undefined on input line 659.

(C:\Users\I-Bros\AppData\Local\Programs\MiKTeX\tex/latex/psnfss\ot1pcr.fd)
[7 <./fig2-dasfnet.drawio.pdf>]
Underfull \vbox (badness 2213) has occurred while \output is active

LaTeX Warning: Citation `samu2025zeroshot' on page 8 undefined on input line 71
3.


LaTeX Warning: Citation `ahmed2026melspec' on page 8 undefined on input line 71
5.


LaTeX Warning: Citation `frank2021wavefake' on page 8 undefined on input line 7
16.


Underfull \hbox (badness 10000) in paragraph at lines 725--730
[]\OT1/ptm/b/n/10 Gender-balanced Ben-gali eval-u-a-tion. \OT1/ptm/m/n/10 Be-ca
use
[8 <./fig3-training.drawio.pdf>]

LaTeX Warning: Reference `tab:experiments' on page 9 undefined on input line 73
6.


LaTeX Warning: Reference `tab:timeline' on page 9 undefined on input line 796.


LaTeX Warning: Reference `tab:budget' on page 9 undefined on input line 828.

[9]

LaTeX Warning: Citation `samu2025zeroshot' on page 10 undefined on input line 9
51.


Underfull \hbox (badness 1533) in paragraph at lines 973--976
[]\OT1/ptm/b/n/10 White-box at-tacks only. \OT1/ptm/m/n/10 FGSM and PGD as-sume

[10]

** Conference Paper **
Before submitting the final camera ready copy, remember to:

 1. Manually equalize the lengths of two columns on the last page
 of your paper;

 2. Ensure that any PostScript and/or PDF output post-processing
 uses only Type 1 fonts and that every step in the generation
 process uses the appropriate paper size.

[11] (report.aux)

LaTeX Warning: There were undefined references.


LaTeX Warning: Label(s) may have changed. Rerun to get cross-references right.


Package rerunfilecheck Warning: File `report.out' has changed.
(rerunfilecheck)                Rerun to get outlines right
(rerunfilecheck)                or use package `bookmark'.

 )
(see the transcript file for additional information)<C:/Users/I-Bros/AppData/Lo
cal/Programs/MiKTeX/fonts/type1/public/amsfonts/cm/cmex10.pfb><C:/Users/I-Bros/
AppData/Local/Programs/MiKTeX/fonts/type1/public/amsfonts/cm/cmmi10.pfb><C:/Use
rs/I-Bros/AppData/Local/Programs/MiKTeX/fonts/type1/public/amsfonts/cm/cmmi7.pf
b><C:/Users/I-Bros/AppData/Local/Programs/MiKTeX/fonts/type1/public/amsfonts/cm
/cmmi8.pfb><C:/Users/I-Bros/AppData/Local/Programs/MiKTeX/fonts/type1/public/am
sfonts/cm/cmr10.pfb><C:/Users/I-Bros/AppData/Local/Programs/MiKTeX/fonts/type1/
public/amsfonts/cm/cmr6.pfb><C:/Users/I-Bros/AppData/Local/Programs/MiKTeX/font
s/type1/public/amsfonts/cm/cmr7.pfb><C:/Users/I-Bros/AppData/Local/Programs/MiK
TeX/fonts/type1/public/amsfonts/cm/cmsy10.pfb><C:/Users/I-Bros/AppData/Local/Pr
ograms/MiKTeX/fonts/type1/public/amsfonts/cm/cmsy7.pfb><C:/Users/I-Bros/AppData
/Local/Programs/MiKTeX/fonts/type1/public/amsfonts/cm/cmsy8.pfb><C:/Users/I-Bro
s/AppData/Local/Programs/MiKTeX/fonts/type1/public/amsfonts/symbols/msbm10.pfb>
<C:/Users/I-Bros/AppData/Local/Programs/MiKTeX/fonts/type1/urw/courier/ucrr8a.p
fb><C:/Users/I-Bros/AppData/Local/Programs/MiKTeX/fonts/type1/urw/times/utmb8a.
pfb><C:/Users/I-Bros/AppData/Local/Programs/MiKTeX/fonts/type1/urw/times/utmbi8
a.pfb><C:/Users/I-Bros/AppData/Local/Programs/MiKTeX/fonts/type1/urw/times/utmr
8a.pfb><C:/Users/I-Bros/AppData/Local/Programs/MiKTeX/fonts/type1/urw/times/utm
ri8a.pfb>
Output written on report.pdf (12 pages, 822024 bytes).
Transcript written on report.log.
pdflatex: major issue: So far, you have not checked for MiKTeX updates.
