This is pdfTeX, Version 3.141592653-2.6-1.40.28 (MiKTeX 25.12) (preloaded format=pdflatex.fmt)
 restricted \write18 enabled.
entering extended mode
(report.tex
LaTeX2e <2025-11-01>
L3 programming layer <2025-12-24>
(C:\Users\I-Bros\AppData\Local\Programs\MiKTeX\tex/latex/ieeetran\IEEEtran.cls
Document Class: IEEEtran 2015/08/26 V1.8b by Michael Shell
-- See the "IEEEtran_HOWTO" manual for usage information.
-- http://www.michaelshell.org/tex/ieeetran/
(C:\Users\I-Bros\AppData\Local\Programs\MiKTeX\tex/latex/psnfss\ot1ptm.fd)
-- Using 8.5in x 11in (letter) paper.
-- Using PDF output.
-- This is a 10 point document.
)
** ATTENTION: Overriding command lockouts (line 16).
(C:\Users\I-Bros\AppData\Local\Programs\MiKTeX\tex/latex/cite\cite.sty)
(C:\Users\I-Bros\AppData\Local\Programs\MiKTeX\tex/latex/amsmath\amsmath.sty
For additional information on amsmath, use the `?' option.
(C:\Users\I-Bros\AppData\Local\Programs\MiKTeX\tex/latex/amsmath\amstext.sty
(C:\Users\I-Bros\AppData\Local\Programs\MiKTeX\tex/latex/amsmath\amsgen.sty))
(C:\Users\I-Bros\AppData\Local\Programs\MiKTeX\tex/latex/amsmath\amsbsy.sty)
(C:\Users\I-Bros\AppData\Local\Programs\MiKTeX\tex/latex/amsmath\amsopn.sty))
(C:\Users\I-Bros\AppData\Local\Programs\MiKTeX\tex/latex/amsfonts\amssymb.sty
(C:\Users\I-Bros\AppData\Local\Programs\MiKTeX\tex/latex/amsfonts\amsfonts.sty)
)
(C:\Users\I-Bros\AppData\Local\Programs\MiKTeX\tex/latex/graphics\graphicx.sty
(C:\Users\I-Bros\AppData\Local\Programs\MiKTeX\tex/latex/graphics\keyval.sty)
(C:\Users\I-Bros\AppData\Local\Programs\MiKTeX\tex/latex/graphics\graphics.sty
(C:\Users\I-Bros\AppData\Local\Programs\MiKTeX\tex/latex/graphics\trig.sty)
(C:\Users\I-Bros\AppData\Local\Programs\MiKTeX\tex/latex/graphics-cfg\graphics.
cfg)
(C:\Users\I-Bros\AppData\Local\Programs\MiKTeX\tex/latex/graphics-def\pdftex.de
f))) (C:\Users\I-Bros\AppData\Local\Programs\MiKTeX\tex/latex/base\textcomp.sty
) (C:\Users\I-Bros\AppData\Local\Programs\MiKTeX\tex/latex/xcolor\xcolor.sty
(C:\Users\I-Bros\AppData\Local\Programs\MiKTeX\tex/latex/graphics-cfg\color.cfg
)
(C:\Users\I-Bros\AppData\Local\Programs\MiKTeX\tex/latex/graphics\mathcolor.ltx
))
(C:\Users\I-Bros\AppData\Local\Programs\MiKTeX\tex/latex/booktabs\booktabs.sty)
 (C:\Users\I-Bros\AppData\Local\Programs\MiKTeX\tex/latex/multirow\multirow.sty
) (C:\Users\I-Bros\AppData\Local\Programs\MiKTeX\tex/latex/tools\array.sty)
(C:\Users\I-Bros\AppData\Local\Programs\MiKTeX\tex/latex/tools\tabularx.sty)
(C:\Users\I-Bros\AppData\Local\Programs\MiKTeX\tex/latex/url\url.sty)
(C:\Users\I-Bros\AppData\Local\Programs\MiKTeX\tex/latex/hyperref\hyperref.sty
(C:\Users\I-Bros\AppData\Local\Programs\MiKTeX\tex/generic/iftex\iftex.sty)
(C:\Users\I-Bros\AppData\Local\Programs\MiKTeX\tex/latex/kvsetkeys\kvsetkeys.st
y)
(C:\Users\I-Bros\AppData\Local\Programs\MiKTeX\tex/generic/kvdefinekeys\kvdefin
ekeys.sty)
(C:\Users\I-Bros\AppData\Local\Programs\MiKTeX\tex/generic/pdfescape\pdfescape.
sty
(C:\Users\I-Bros\AppData\Local\Programs\MiKTeX\tex/generic/ltxcmds\ltxcmds.sty)

(C:\Users\I-Bros\AppData\Local\Programs\MiKTeX\tex/generic/pdftexcmds\pdftexcmd
s.sty
(C:\Users\I-Bros\AppData\Local\Programs\MiKTeX\tex/generic/infwarerr\infwarerr.
sty)))
(C:\Users\I-Bros\AppData\Local\Programs\MiKTeX\tex/latex/hycolor\hycolor.sty)
(C:\Users\I-Bros\AppData\Local\Programs\MiKTeX\tex/latex/hyperref\nameref.sty
(C:\Users\I-Bros\AppData\Local\Programs\MiKTeX\tex/latex/refcount\refcount.sty)

(C:\Users\I-Bros\AppData\Local\Programs\MiKTeX\tex/generic/gettitlestring\getti
tlestring.sty
(C:\Users\I-Bros\AppData\Local\Programs\MiKTeX\tex/latex/kvoptions\kvoptions.st
y)))
(C:\Users\I-Bros\AppData\Local\Programs\MiKTeX\tex/latex/etoolbox\etoolbox.sty)

(C:\Users\I-Bros\AppData\Local\Programs\MiKTeX\tex/generic/stringenc\stringenc.
sty)
(C:\Users\I-Bros\AppData\Local\Programs\MiKTeX\tex/latex/hyperref\pd1enc.def)
(C:\Users\I-Bros\AppData\Local\Programs\MiKTeX\tex/generic/intcalc\intcalc.sty)
(C:\Users\I-Bros\AppData\Local\Programs\MiKTeX\tex/latex/hyperref\puenc.def)
(C:\Users\I-Bros\AppData\Local\Programs\MiKTeX\tex/generic/bitset\bitset.sty
(C:\Users\I-Bros\AppData\Local\Programs\MiKTeX\tex/generic/bigintcalc\bigintcal
c.sty)))
(C:\Users\I-Bros\AppData\Local\Programs\MiKTeX\tex/latex/hyperref\hpdftex.def
(C:\Users\I-Bros\AppData\Local\Programs\MiKTeX\tex/latex/rerunfilecheck\rerunfi
lecheck.sty
(C:\Users\I-Bros\AppData\Local\Programs\MiKTeX\tex/generic/uniquecounter\unique
counter.sty)))
(C:\Users\I-Bros\AppData\Local\Programs\MiKTeX\tex/latex/l3backend\l3backend-pd
ftex.def) (report.aux)
-- Lines per column: 56 (exact).

(C:\Users\I-Bros\AppData\Local\Programs\MiKTeX\tex/context/base/mkii\supp-pdf.m
kii
[Loading MPS to PDF converter (version 2006.09.02).]
)
(C:\Users\I-Bros\AppData\Local\Programs\MiKTeX\tex/latex/epstopdf-pkg\epstopdf-
base.sty
(C:\Users\I-Bros\AppData\Local\Programs\MiKTeX\tex/latex/00miktex\epstopdf-sys.
cfg)) (report.out) (report.out)
(C:\Users\I-Bros\AppData\Local\Programs\MiKTeX\tex/latex/amsfonts\umsa.fd)
(C:\Users\I-Bros\AppData\Local\Programs\MiKTeX\tex/latex/amsfonts\umsb.fd)
[0{C:/Users/I-Bros/AppData/Local/MiKTeX/fonts/map/pdftex/pdftex.map}{C:/Users/I
-Bros/AppData/Local/Programs/MiKTeX/fonts/enc/dvips/base/8r.enc}] [1]
(C:\Users\I-Bros\AppData\Local\Programs\MiKTeX\tex/latex/psnfss\omsptm.fd)
Underfull \hbox (badness 1371) in paragraph at lines 177--182
\OT1/ptm/b/n/9 cross-lingual gen-er-al-i-sa-tion, ad-ver-sar-ial ro-bust-ness, 
domain-
[2]
Underfull \hbox (badness 10000) in paragraph at lines 253--257
\OT1/ptm/m/n/10 reversed lan-guage dis-crim-i-na-tor with adap-tive
[3]
Underfull \hbox (badness 10000) in paragraph at lines 407--411
[]\OT1/ptm/b/n/10 Preserving the dis-crim-i-na-tive band. \OT1/ptm/m/n/10 Re-ta
in-ing


pdfTeX warning: pdflatex.exe (file ./fig1-methodology.drawio.pdf): PDF inclusio
n: found PDF version <1.7>, but at most version <1.5> allowed
[4]
Underfull \vbox (badness 10000) has occurred while \output is active
Underfull \hbox (badness 6032) in paragraph at lines 514--519
[]\OT1/ptm/b/n/10 Branch-D (dense spec-tral). \OT1/ptm/m/n/10 Mel-scaled fil-te
r-bank

Underfull \vbox (badness 10000) has occurred while \output is active [5 <./fig1
-methodology.drawio.pdf>]

pdfTeX warning: pdflatex.exe (file ./fig2-dasfnet.drawio.pdf): PDF inclusion: f
ound PDF version <1.7>, but at most version <1.5> allowed


pdfTeX warning: pdflatex.exe (file ./fig3-training.drawio.pdf): PDF inclusion: 
found PDF version <1.7>, but at most version <1.5> allowed
[6] (C:\Users\I-Bros\AppData\Local\Programs\MiKTeX\tex/latex/psnfss\ot1pcr.fd)
[7 <./fig2-dasfnet.drawio.pdf>]
Underfull \hbox (badness 10000) in paragraph at lines 748--753
[]\OT1/ptm/b/n/10 Gender-balanced Ben-gali eval-u-a-tion. \OT1/ptm/m/n/10 Be-ca
use
[8 <./fig3-training.drawio.pdf>] [9] [10]
Underfull \hbox (badness 1533) in paragraph at lines 1015--1018
[]\OT1/ptm/b/n/10 White-box at-tacks only. \OT1/ptm/m/n/10 FGSM and PGD as-sume


** Conference Paper **
Before submitting the final camera ready copy, remember to:

 1. Manually equalize the lengths of two columns on the last page
 of your paper;

 2. Ensure that any PostScript and/or PDF output post-processing
 uses only Type 1 fonts and that every step in the generation
 process uses the appropriate paper size.

[11] (report.aux) )
(see the transcript file for additional information)<C:/Users/I-Bros/AppData/Lo
cal/Programs/MiKTeX/fonts/type1/public/amsfonts/cm/cmex10.pfb><C:/Users/I-Bros/
AppData/Local/Programs/MiKTeX/fonts/type1/public/amsfonts/cm/cmmi10.pfb><C:/Use
rs/I-Bros/AppData/Local/Programs/MiKTeX/fonts/type1/public/amsfonts/cm/cmmi7.pf
b><C:/Users/I-Bros/AppData/Local/Programs/MiKTeX/fonts/type1/public/amsfonts/cm
/cmmi8.pfb><C:/Users/I-Bros/AppData/Local/Programs/MiKTeX/fonts/type1/public/am
sfonts/cm/cmr10.pfb><C:/Users/I-Bros/AppData/Local/Programs/MiKTeX/fonts/type1/
public/amsfonts/cm/cmr6.pfb><C:/Users/I-Bros/AppData/Local/Programs/MiKTeX/font
s/type1/public/amsfonts/cm/cmr7.pfb><C:/Users/I-Bros/AppData/Local/Programs/MiK
TeX/fonts/type1/public/amsfonts/cm/cmsy10.pfb><C:/Users/I-Bros/AppData/Local/Pr
ograms/MiKTeX/fonts/type1/public/amsfonts/cm/cmsy7.pfb><C:/Users/I-Bros/AppData
/Local/Programs/MiKTeX/fonts/type1/public/amsfonts/cm/cmsy8.pfb><C:/Users/I-Bro
s/AppData/Local/Programs/MiKTeX/fonts/type1/public/amsfonts/symbols/msbm10.pfb>
<C:/Users/I-Bros/AppData/Local/Programs/MiKTeX/fonts/type1/urw/courier/ucrr8a.p
fb><C:/Users/I-Bros/AppData/Local/Programs/MiKTeX/fonts/type1/urw/times/utmb8a.
pfb><C:/Users/I-Bros/AppData/Local/Programs/MiKTeX/fonts/type1/urw/times/utmbi8
a.pfb><C:/Users/I-Bros/AppData/Local/Programs/MiKTeX/fonts/type1/urw/times/utmr
8a.pfb><C:/Users/I-Bros/AppData/Local/Programs/MiKTeX/fonts/type1/urw/times/utm
ri8a.pfb>
Output written on report.pdf (12 pages, 831572 bytes).
Transcript written on report.log.
pdflatex: major issue: So far, you have not checked for MiKTeX updates.
